// Jest Snapshot v1, https://goo.gl/fbAQLP

exports[`Layout component should set container children element to data 1`] = `<div />`;
